<?xml version="1.0" encoding="utf-8"?>
<shfbBuild product="Sandcastle Help File Builder and Tools" version="2025.3.22.0" projectFile="C:\Users\popa4\OneDrive\Dokumenty\GitHub\Statnice-ULTIMATE\Volitelný\OONV-1\OONV-1-1-Správce-Kontaktů\Sandcastle\sandcastleSomething.shfbproj" started="30.07.2025 15:47:06">
<buildStep step="Initializing">
The Sandcastle tools are located in &#39;C:\Program Files (x86)\EWSoftware\Sandcastle Help File Builder&#39;
Locating components in the following folder(s):
    C:\Users\popa4\OneDrive\Dokumenty\GitHub\Statnice-ULTIMATE\Voliteln&#253;\OONV-1\OONV-1-1-Spr&#225;vce-Kontaktů\Sandcastle
    C:\ProgramData\EWSoftware\Sandcastle Help File Builder\Components and Plug-Ins
    C:\Program Files (x86)\EWSoftware\Sandcastle Help File Builder\Components
Using framework reflection data for &#39;.NET Framework 4.7.2&#39; located in &#39;C:\Program Files (x86)\EWSoftware\Sandcastle Help File Builder\Data\.NETFramework&#39;
Using presentation style &#39;Default2022&#39; located in &#39;C:\Program Files (x86)\EWSoftware\Sandcastle Help File Builder\Components\Default2022&#39;
Loading and initializing plug-ins...
Website Table of Contents Generator Version 2025.3.22.0
Copyright &#169; 2006-2025, Eric Woodruff, All Rights Reserved
-------------------------------
Clearing any prior web/markdown output...
</buildStep>
<buildStep step="ValidatingDocumentationSources">
Validating and copying documentation source information
Source: C:\Users\popa4\OneDrive\Dokumenty\GitHub\Statnice-ULTIMATE\Voliteln&#253;\OONV-1\OONV-1-1-Spr&#225;vce-Kontaktů\Build\Debug\net8.0\OONV-1-1-Spr&#225;vce-Kontaktů.dll
    Found assembly &#39;C:\Users\popa4\OneDrive\Dokumenty\GitHub\Statnice-ULTIMATE\Voliteln&#253;\OONV-1\OONV-1-1-Spr&#225;vce-Kontaktů\Build\Debug\net8.0\OONV-1-1-Spr&#225;vce-Kontaktů.dll&#39;
Source: C:\Users\popa4\OneDrive\Dokumenty\GitHub\Statnice-ULTIMATE\Voliteln&#253;\OONV-1\OONV-1-1-Spr&#225;vce-Kontaktů\Build\Debug\net8.0\OONV-1-1-Spr&#225;vce-Kontaktů.exe
    Found assembly &#39;C:\Users\popa4\OneDrive\Dokumenty\GitHub\Statnice-ULTIMATE\Voliteln&#253;\OONV-1\OONV-1-1-Spr&#225;vce-Kontaktů\Build\Debug\net8.0\OONV-1-1-Spr&#225;vce-Kontaktů.exe&#39;
Source: C:\Users\popa4\OneDrive\Dokumenty\GitHub\Statnice-ULTIMATE\Voliteln&#253;\OONV-1\OONV-1-1-Spr&#225;vce-Kontaktů\Build\Debug\net8.0\OONV-1-1-Spr&#225;vce-Kontaktů.xml

Copying XML comments files
    C:\Users\popa4\OneDrive\Dokumenty\GitHub\Statnice-ULTIMATE\Voliteln&#253;\OONV-1\OONV-1-1-Spr&#225;vce-Kontaktů\Build\Debug\net8.0\OONV-1-1-Spr&#225;vce-Kontaktů.xml -&gt; C:\Users\popa4\OneDrive\Dokumenty\GitHub\Statnice-ULTIMATE\Voliteln&#253;\OONV-1\OONV-1-1-Spr&#225;vce-Kontaktů\Sandcastle\Help\Working\OONV-1-1-Spr&#225;vce-Kontaktů.xml
</buildStep>
<buildStep step="GenerateSharedContent">
Generating shared content files (en-US, Angličtina (Spojen&#233; st&#225;ty))...
    Last step completed in 00:00:00,0010
</buildStep>
<buildStep step="GenerateApiFilter">
Generating API filter for MRefBuilder...
    Last step completed in 00:00:00,0080
</buildStep>
<buildStep step="GenerateReflectionInfo">
Generating reflection information...
[C:\Program Files\Microsoft Visual Studio\2022\Community\MSBuild\Current\Bin\amd64\MSBuild.exe - GenerateRefInfo-b7280814-3c4c-435d-b7bc-7bebd902a474.proj]
Vytv&#160;&#253;enˇ sestavenˇ bylo zah&#160;jeno 30.07.2025 15:47:06.

Projekt C:\Users\popa4\OneDrive\Dokumenty\GitHub\Statnice-ULTIMATE\Volitelně\OONV-1\OONV-1-1-Spr&#160;vce-Kontakt…\Sandcastle\Help\Working\GenerateRefInfo-b7280814-3c4c-435d-b7bc-7bebd902a474.proj v uzlu 1 (věchozˇ cˇle).
PrepareForBuild:
  Probˇh&#160; vytv&#160;&#253;enˇ adres&#160;&#253;e obj\Debug\.
GenerateRefInfo:
  Microsoft.Build (v17.9.5+33de0b227b4e7e8f4526049b64f4b7558fcb8844)
  c Microsoft Corporation. All rights reserved.
  No source code context base path specified.  Source context information is unavailable.
  Loaded 1 assemblies for reflection and 1 dependency assemblies.
MRefBuilder : warning : Ignoring unresolved assembly reference: System.Collections (System.Collections, Version=8.0.0.0, Culture=neutral, PublicKeyToken=b03f5f7f11d50a3a) required by OONV-1-1-Spr&#160;vce-Kontakt… [C:\Users\popa4\OneDrive\Dokumenty\GitHub\Statnice-ULTIMATE\Volitelně\OONV-1\OONV-1-1-Spr&#160;vce-Kontakt…\Sandcastle\Help\Working\GenerateRefInfo-b7280814-3c4c-435d-b7bc-7bebd902a474.proj]
  Wrote information on 13 namespaces, 28 types, and 134 members
  Merging duplicate type and member information
  Merged 0 duplicate type(s) and 0 duplicate member(s)
Sestavenˇ projektu C:\Users\popa4\OneDrive\Dokumenty\GitHub\Statnice-ULTIMATE\Volitelně\OONV-1\OONV-1-1-Spr&#160;vce-Kontakt…\Sandcastle\Help\Working\GenerateRefInfo-b7280814-3c4c-435d-b7bc-7bebd902a474.proj (s věchozˇmi cˇli) bylo dokonźeno.
    Last step completed in 00:00:00,6380
</buildStep>
<buildStep step="ApplyDocumentModel">
Applying document model to reflection output...
    Last step completed in 00:00:00,0240
</buildStep>
<buildStep step="AddApiTopicFilenames">
Adding topic filenames to API members...
    Last step completed in 00:00:00,0359
</buildStep>
<buildStep step="GenerateApiTopicManifest">
Generating API topic manifest...
    Last step completed in 00:00:00,0260
</buildStep>
<buildStep step="GenerateNamespaceSummaries">
Generating namespace summary information...
    Last step completed in 00:00:00,0020
</buildStep>
<buildStep step="GenerateInheritedDocumentation">
Generating inherited documentation...
Reflection information will be retrieved from &#39;C:\Users\popa4\OneDrive\Dokumenty\GitHub\Statnice-ULTIMATE\Voliteln&#253;\OONV-1\OONV-1-1-Spr&#225;vce-Kontaktů\Sandcastle\Help\Working\reflection.xml&#39;
Indexing C:\Users\popa4\OneDrive\Dokumenty\GitHub\Statnice-ULTIMATE\Voliteln&#253;\OONV-1\OONV-1-1-Spr&#225;vce-Kontaktů\Sandcastle\Help\Working\OONV-1-1-Spr&#225;vce-Kontaktů.xml
Indexed 131 members in 1 file(s).  1 file(s) to scan for &lt;inheritdoc /&gt; tags.
Merging inherited documentation...

Documentation merged successfully.  Merged comments were saved in &#39;C:\Users\popa4\OneDrive\Dokumenty\GitHub\Statnice-ULTIMATE\Voliteln&#253;\OONV-1\OONV-1-1-Spr&#225;vce-Kontaktů\Sandcastle\Help\Working\_InheritedDocs_.xml&#39;.
    Last step completed in 00:00:00,0160
</buildStep>
<buildStep step="CopyAdditionalContent">
Copying additional content files...
No additional content to copy
    Last step completed in 00:00:00,0000
</buildStep>
<buildStep step="MergeTablesOfContents">
Merging conceptual and additional tables of contents...
    Last step completed in 00:00:00,0000
</buildStep>
<buildStep step="GenerateIntermediateTableOfContents">
Generating intermediate table of contents file for API content...
Generating conceptual content intermediate TOC file...
    Last step completed in 00:00:00,0170
</buildStep>
<buildStep step="CreateBuildAssemblerConfigs">
Creating Sandcastle configuration files...
    Last step completed in 00:00:00,0460
</buildStep>
<buildStep step="CombiningIntermediateTocFiles">
Combining conceptual and API intermediate TOC files...
    Last step completed in 00:00:00,0010
</buildStep>
<buildStep step="MergeCustomConfigs">
Merging custom build component configurations
C:\Users\popa4\OneDrive\Dokumenty\GitHub\Statnice-ULTIMATE\Voliteln&#253;\OONV-1\OONV-1-1-Spr&#225;vce-Kontaktů\Sandcastle\Help\Working\BuildAssembler.config
  Updating reference topic configurations.
  No conceptual content.  Removing conceptual content components.
    Last step completed in 00:00:00,0140
</buildStep>
<buildStep step="BuildTopics">
Building help topics...
<plugIn name="Website Table of Contents Generator" behavior="Before" priority="1000">
Loading TOC info and adding unique IDs to parent nodes
</plugIn>Loading configuration...
Processing topics...
SHFB: Warning BE0066: ShowMissingComponent: [N:OONV_1_1_Spr&#225;vce_Kontaktů] Missing &lt;summary&gt; documentation
SHFB: Warning BE0066: ShowMissingComponent: [N:OONV_1_1_Spr&#225;vce_Kontaktů.Commands] Missing &lt;summary&gt; documentation
SHFB: Warning BE0066: ShowMissingComponent: [F:OONV_1_1_Spr&#225;vce_Kontaktů.Commands.CommandDictionary._dictionary] Missing &lt;summary&gt; documentation
SHFB: Warning BE0066: ShowMissingComponent: [F:OONV_1_1_Spr&#225;vce_Kontaktů.Commands.CommandManager.commands] Missing &lt;summary&gt; documentation
SHFB: Warning BE0066: ShowMissingComponent: [N:OONV_1_1_Spr&#225;vce_Kontaktů.Commands.Commands] Missing &lt;summary&gt; documentation
SHFB: Warning BE0066: ShowMissingComponent: [F:OONV_1_1_Spr&#225;vce_Kontaktů.Commands.Commands.CommandRenderAlphabeticalContacts._viewInstanceReff] Missing &lt;summary&gt; documentation
SHFB: Warning BE0066: ShowMissingComponent: [N:OONV_1_1_Spr&#225;vce_Kontaktů.Commands.Commands.ContactManipulation] Missing &lt;summary&gt; documentation
SHFB: Warning BE0066: ShowMissingComponent: [F:OONV_1_1_Spr&#225;vce_Kontaktů.Commands.Commands.ContactManipulation.CommandCopyContact._contactReff] Missing &lt;summary&gt; documentation
SHFB: Warning BE0066: ShowMissingComponent: [F:OONV_1_1_Spr&#225;vce_Kontaktů.Commands.Commands.ContactManipulation.CommandCreateNewContact._newContact] Missing &lt;summary&gt; documentation
SHFB: Warning BE0066: ShowMissingComponent: [F:OONV_1_1_Spr&#225;vce_Kontaktů.Commands.Commands.ContactManipulation.CommandEditContact._contactReff] Missing &lt;summary&gt; documentation
SHFB: Warning BE0066: ShowMissingComponent: [F:OONV_1_1_Spr&#225;vce_Kontaktů.Commands.Commands.ContactManipulation.CommandEditContact._originalContactInfo] Missing &lt;summary&gt; documentation
SHFB: Warning BE0066: ShowMissingComponent: [F:OONV_1_1_Spr&#225;vce_Kontaktů.Commands.Commands.ContactManipulation.CommandEditContact._updatedContactReff] Missing &lt;summary&gt; documentation
SHFB: Warning BE0066: ShowMissingComponent: [F:OONV_1_1_Spr&#225;vce_Kontaktů.Commands.Commands.ContactManipulation.CommandRemoveContact._contactReff] Missing &lt;summary&gt; documentation
SHFB: Warning BE0066: ShowMissingComponent: [N:OONV_1_1_Spr&#225;vce_Kontaktů.Commands.Commands.Navigation] Missing &lt;summary&gt; documentation
SHFB: Warning BE0066: ShowMissingComponent: [F:OONV_1_1_Spr&#225;vce_Kontaktů.Commands.Commands.Navigation.CommandEnterContactViewing._contactReff] Missing &lt;summary&gt; documentation
SHFB: Warning BE0066: ShowMissingComponent: [N:OONV_1_1_Spr&#225;vce_Kontaktů.Commands.Interface] Missing &lt;summary&gt; documentation
SHFB: Warning BE0066: ShowMissingComponent: [N:OONV_1_1_Spr&#225;vce_Kontaktů.ConsoleSystem] Missing &lt;summary&gt; documentation
SHFB: Warning BE0066: ShowMissingComponent: [N:OONV_1_1_Spr&#225;vce_Kontaktů.ConsoleSystem.Interface] Missing &lt;summary&gt; documentation
SHFB: Warning BE0066: ShowMissingComponent: [N:OONV_1_1_Spr&#225;vce_Kontaktů.ConsoleSystem.Views] Missing &lt;summary&gt; documentation
SHFB: Warning BE0066: ShowMissingComponent: [F:OONV_1_1_Spr&#225;vce_Kontaktů.ConsoleSystem.Views.ViewContactCreation._creationStep] Missing &lt;summary&gt; documentation
SHFB: Warning BE0066: ShowMissingComponent: [F:OONV_1_1_Spr&#225;vce_Kontaktů.ConsoleSystem.Views.ViewContactCreation._newContactInProgress] Missing &lt;summary&gt; documentation
SHFB: Warning BE0066: ShowMissingComponent: [F:OONV_1_1_Spr&#225;vce_Kontaktů.ConsoleSystem.Views.ViewContactList._commandDictionary] Missing &lt;summary&gt; documentation
SHFB: Warning BE0066: ShowMissingComponent: [F:OONV_1_1_Spr&#225;vce_Kontaktů.ConsoleSystem.Views.ViewContactList._renderClassicList] Missing &lt;summary&gt; documentation
SHFB: Warning BE0066: ShowMissingComponent: [F:OONV_1_1_Spr&#225;vce_Kontaktů.ConsoleSystem.Views.ViewContactViewing._commandDictionary] Missing &lt;summary&gt; documentation
SHFB: Warning BE0066: ShowMissingComponent: [F:OONV_1_1_Spr&#225;vce_Kontaktů.ConsoleSystem.Views.ViewContactViewing.activeContact] Missing &lt;summary&gt; documentation
SHFB: Warning BE0066: ShowMissingComponent: [F:OONV_1_1_Spr&#225;vce_Kontaktů.ConsoleSystem.Views.ViewMainMenu._commandDictionary] Missing &lt;summary&gt; documentation
SHFB: Warning BE0066: ShowMissingComponent: [N:OONV_1_1_Spr&#225;vce_Kontaktů.ContactSystem] Missing &lt;summary&gt; documentation
SHFB: Warning BE0066: ShowMissingComponent: [M:OONV_1_1_Spr&#225;vce_Kontaktů.ContactSystem.Contact.#ctor(System.String,System.String,System.String)] Missing &lt;param name=&quot;name&quot;/&gt; documentation
SHFB: Warning BE0066: ShowMissingComponent: [M:OONV_1_1_Spr&#225;vce_Kontaktů.ContactSystem.Contact.#ctor(System.String,System.String,System.String)] Missing &lt;param name=&quot;email&quot;/&gt; documentation
SHFB: Warning BE0066: ShowMissingComponent: [M:OONV_1_1_Spr&#225;vce_Kontaktů.ContactSystem.Contact.#ctor(System.String,System.String,System.String)] Missing &lt;param name=&quot;phoneNumber&quot;/&gt; documentation
SHFB: Warning BE0066: ShowMissingComponent: [P:OONV_1_1_Spr&#225;vce_Kontaktů.ContactSystem.Contact.Email] Missing &lt;summary&gt; documentation
SHFB: Warning BE0066: ShowMissingComponent: [M:OONV_1_1_Spr&#225;vce_Kontaktů.ContactSystem.Contact.Escape(System.String)] Missing &lt;summary&gt; documentation
SHFB: Warning BE0066: ShowMissingComponent: [M:OONV_1_1_Spr&#225;vce_Kontaktů.ContactSystem.Contact.Escape(System.String)] Missing &lt;returns&gt; documentation
SHFB: Warning BE0066: ShowMissingComponent: [M:OONV_1_1_Spr&#225;vce_Kontaktů.ContactSystem.Contact.Escape(System.String)] Missing &lt;param name=&quot;input&quot;/&gt; documentation
SHFB: Warning BE0066: ShowMissingComponent: [P:OONV_1_1_Spr&#225;vce_Kontaktů.ContactSystem.Contact.Name] Missing &lt;summary&gt; documentation
SHFB: Warning BE0066: ShowMissingComponent: [P:OONV_1_1_Spr&#225;vce_Kontaktů.ContactSystem.Contact.PhoneNumber] Missing &lt;summary&gt; documentation
SHFB: Warning BE0066: ShowMissingComponent: [F:OONV_1_1_Spr&#225;vce_Kontaktů.ContactSystem.ContactManager._activeContact] Missing &lt;summary&gt; documentation
SHFB: Warning BE0066: ShowMissingComponent: [F:OONV_1_1_Spr&#225;vce_Kontaktů.ContactSystem.ContactManager._contacts] Missing &lt;summary&gt; documentation
SHFB: Warning BE0066: ShowMissingComponent: [M:OONV_1_1_Spr&#225;vce_Kontaktů.ContactSystem.ContactManager.AddContact(OONV_1_1_Spr&#225;vce_Kontaktů.ContactSystem.Contact)] Missing &lt;param name=&quot;contact&quot;/&gt; documentation
SHFB: Warning BE0066: ShowMissingComponent: [F:OONV_1_1_Spr&#225;vce_Kontaktů.ContactSystem.ContactManager.contactsFileName] Missing &lt;summary&gt; documentation
SHFB: Warning BE0066: ShowMissingComponent: [M:OONV_1_1_Spr&#225;vce_Kontaktů.ContactSystem.ContactManager.CreateTemporaryCopy(OONV_1_1_Spr&#225;vce_Kontaktů.ContactSystem.Contact)] Missing &lt;returns&gt; documentation
SHFB: Warning BE0066: ShowMissingComponent: [M:OONV_1_1_Spr&#225;vce_Kontaktů.ContactSystem.ContactManager.CreateTemporaryCopy(OONV_1_1_Spr&#225;vce_Kontaktů.ContactSystem.Contact)] Missing &lt;param name=&quot;contactToCopy&quot;/&gt; documentation
SHFB: Warning BE0066: ShowMissingComponent: [M:OONV_1_1_Spr&#225;vce_Kontaktů.ContactSystem.ContactManager.DeleteContact(OONV_1_1_Spr&#225;vce_Kontaktů.ContactSystem.Contact)] Missing &lt;param name=&quot;contact&quot;/&gt; documentation
SHFB: Warning BE0066: ShowMissingComponent: [M:OONV_1_1_Spr&#225;vce_Kontaktů.ContactSystem.ContactManager.GetActiveContact] Missing &lt;returns&gt; documentation
SHFB: Warning BE0066: ShowMissingComponent: [M:OONV_1_1_Spr&#225;vce_Kontaktů.ContactSystem.ContactManager.GetContactIterator(OONV_1_1_Spr&#225;vce_Kontaktů.Iterator.Interface.ListIteratorType)] Missing &lt;returns&gt; documentation
SHFB: Warning BE0066: ShowMissingComponent: [M:OONV_1_1_Spr&#225;vce_Kontaktů.ContactSystem.ContactManager.GetContactIterator(OONV_1_1_Spr&#225;vce_Kontaktů.Iterator.Interface.ListIteratorType)] Missing &lt;param name=&quot;type&quot;/&gt; documentation
SHFB: Warning BE0066: ShowMissingComponent: [M:OONV_1_1_Spr&#225;vce_Kontaktů.ContactSystem.ContactManager.GetContactList] Missing &lt;returns&gt; documentation
SHFB: Warning BE0066: ShowMissingComponent: [M:OONV_1_1_Spr&#225;vce_Kontaktů.ContactSystem.ContactManager.GetContactListAsJson] Missing &lt;returns&gt; documentation
SHFB: Warning BE0066: ShowMissingComponent: [M:OONV_1_1_Spr&#225;vce_Kontaktů.ContactSystem.ContactManager.SetActiveContact(OONV_1_1_Spr&#225;vce_Kontaktů.ContactSystem.Contact)] Missing &lt;param name=&quot;contact&quot;/&gt; documentation
SHFB: Warning BE0066: ShowMissingComponent: [M:OONV_1_1_Spr&#225;vce_Kontaktů.ContactSystem.ContactManager.UpdateContact(OONV_1_1_Spr&#225;vce_Kontaktů.ContactSystem.Contact,OONV_1_1_Spr&#225;vce_Kontaktů.ContactSystem.Contact)] Missing &lt;param name=&quot;contact&quot;/&gt; documentation
SHFB: Warning BE0066: ShowMissingComponent: [M:OONV_1_1_Spr&#225;vce_Kontaktů.ContactSystem.ContactManager.UpdateContact(OONV_1_1_Spr&#225;vce_Kontaktů.ContactSystem.Contact,OONV_1_1_Spr&#225;vce_Kontaktů.ContactSystem.Contact)] Missing &lt;param name=&quot;updatedContact&quot;/&gt; documentation
SHFB: Warning BE0066: ShowMissingComponent: [N:OONV_1_1_Spr&#225;vce_Kontaktů.Interface] Missing &lt;summary&gt; documentation
SHFB: Warning BE0066: ShowMissingComponent: [F:OONV_1_1_Spr&#225;vce_Kontaktů.Interface.Singleton`1._instance] Missing &lt;summary&gt; documentation
SHFB: Warning BE0066: ShowMissingComponent: [N:OONV_1_1_Spr&#225;vce_Kontaktů.Iterator] Missing &lt;summary&gt; documentation
SHFB: Warning BE0066: ShowMissingComponent: [M:OONV_1_1_Spr&#225;vce_Kontaktů.Iterator.ContactAlphabeticalIterator.#ctor(System.Collections.Generic.List`1)] Missing &lt;param name=&quot;givenList&quot;/&gt; documentation
SHFB: Warning BE0066: ShowMissingComponent: [F:OONV_1_1_Spr&#225;vce_Kontaktů.Iterator.ContactAlphabeticalIterator._index] Missing &lt;summary&gt; documentation
SHFB: Warning BE0066: ShowMissingComponent: [F:OONV_1_1_Spr&#225;vce_Kontaktů.Iterator.ContactAlphabeticalIterator._list] Missing &lt;summary&gt; documentation
SHFB: Warning BE0066: ShowMissingComponent: [N:OONV_1_1_Spr&#225;vce_Kontaktů.Iterator.Interface] Missing &lt;summary&gt; documentation
Processed 216 topic(s)
58 warning(s)
CopyFromIndexComponent: &quot;reflection&quot; in-memory cache entries used: 3 of 15.
CopyFromIndexComponent: &quot;comments&quot; in-memory cache entries used: 2 of 30.
<plugIn name="Website Table of Contents Generator" behavior="After" priority="1000">
Generating TOC fragment files
</plugIn>    Last step completed in 00:00:01,3638
</buildStep>
<buildStep step="CopyStandardHelpContent">
Copying standard help content...
C:\Program Files (x86)\EWSoftware\Sandcastle Help File Builder\Components\Default2022\css\bulma.css -&gt; C:\Users\popa4\OneDrive\Dokumenty\GitHub\Statnice-ULTIMATE\Voliteln&#253;\OONV-1\OONV-1-1-Spr&#225;vce-Kontaktů\Sandcastle\Help\Working\Output\Website\css\bulma.css
C:\Program Files (x86)\EWSoftware\Sandcastle Help File Builder\Components\Default2022\css\bulma.css.map -&gt; C:\Users\popa4\OneDrive\Dokumenty\GitHub\Statnice-ULTIMATE\Voliteln&#253;\OONV-1\OONV-1-1-Spr&#225;vce-Kontaktů\Sandcastle\Help\Working\Output\Website\css\bulma.css.map
C:\Program Files (x86)\EWSoftware\Sandcastle Help File Builder\Components\Default2022\css\bulma.min.css -&gt; C:\Users\popa4\OneDrive\Dokumenty\GitHub\Statnice-ULTIMATE\Voliteln&#253;\OONV-1\OONV-1-1-Spr&#225;vce-Kontaktů\Sandcastle\Help\Working\Output\Website\css\bulma.min.css
C:\Program Files (x86)\EWSoftware\Sandcastle Help File Builder\Components\Default2022\css\font-awesome.css -&gt; C:\Users\popa4\OneDrive\Dokumenty\GitHub\Statnice-ULTIMATE\Voliteln&#253;\OONV-1\OONV-1-1-Spr&#225;vce-Kontaktů\Sandcastle\Help\Working\Output\Website\css\font-awesome.css
C:\Program Files (x86)\EWSoftware\Sandcastle Help File Builder\Components\Default2022\css\font-awesome.min.css -&gt; C:\Users\popa4\OneDrive\Dokumenty\GitHub\Statnice-ULTIMATE\Voliteln&#253;\OONV-1\OONV-1-1-Spr&#225;vce-Kontaktů\Sandcastle\Help\Working\Output\Website\css\font-awesome.min.css
C:\Program Files (x86)\EWSoftware\Sandcastle Help File Builder\Components\Default2022\css\ja-JP.css -&gt; C:\Users\popa4\OneDrive\Dokumenty\GitHub\Statnice-ULTIMATE\Voliteln&#253;\OONV-1\OONV-1-1-Spr&#225;vce-Kontaktů\Sandcastle\Help\Working\Output\Website\css\ja-JP.css
C:\Program Files (x86)\EWSoftware\Sandcastle Help File Builder\Components\Default2022\css\ko-KR.css -&gt; C:\Users\popa4\OneDrive\Dokumenty\GitHub\Statnice-ULTIMATE\Voliteln&#253;\OONV-1\OONV-1-1-Spr&#225;vce-Kontaktů\Sandcastle\Help\Working\Output\Website\css\ko-KR.css
C:\Program Files (x86)\EWSoftware\Sandcastle Help File Builder\Components\Default2022\css\presentationStyle.css -&gt; C:\Users\popa4\OneDrive\Dokumenty\GitHub\Statnice-ULTIMATE\Voliteln&#253;\OONV-1\OONV-1-1-Spr&#225;vce-Kontaktů\Sandcastle\Help\Working\Output\Website\css\presentationStyle.css
C:\Program Files (x86)\EWSoftware\Sandcastle Help File Builder\Components\Default2022\css\vs.min.css -&gt; C:\Users\popa4\OneDrive\Dokumenty\GitHub\Statnice-ULTIMATE\Voliteln&#253;\OONV-1\OONV-1-1-Spr&#225;vce-Kontaktů\Sandcastle\Help\Working\Output\Website\css\vs.min.css
C:\Program Files (x86)\EWSoftware\Sandcastle Help File Builder\Components\Default2022\css\zh-CN.css -&gt; C:\Users\popa4\OneDrive\Dokumenty\GitHub\Statnice-ULTIMATE\Voliteln&#253;\OONV-1\OONV-1-1-Spr&#225;vce-Kontaktů\Sandcastle\Help\Working\Output\Website\css\zh-CN.css
C:\Program Files (x86)\EWSoftware\Sandcastle Help File Builder\Components\Default2022\css\zh-TW.css -&gt; C:\Users\popa4\OneDrive\Dokumenty\GitHub\Statnice-ULTIMATE\Voliteln&#253;\OONV-1\OONV-1-1-Spr&#225;vce-Kontaktů\Sandcastle\Help\Working\Output\Website\css\zh-TW.css
C:\Program Files (x86)\EWSoftware\Sandcastle Help File Builder\Components\Default2022\icons\favicon.ico -&gt; C:\Users\popa4\OneDrive\Dokumenty\GitHub\Statnice-ULTIMATE\Voliteln&#253;\OONV-1\OONV-1-1-Spr&#225;vce-Kontaktů\Sandcastle\Help\Working\Output\Website\icons\favicon.ico
C:\Program Files (x86)\EWSoftware\Sandcastle Help File Builder\Components\Default2022\scripts\clipboard.min.js -&gt; C:\Users\popa4\OneDrive\Dokumenty\GitHub\Statnice-ULTIMATE\Voliteln&#253;\OONV-1\OONV-1-1-Spr&#225;vce-Kontaktů\Sandcastle\Help\Working\Output\Website\scripts\clipboard.min.js
C:\Program Files (x86)\EWSoftware\Sandcastle Help File Builder\Components\Default2022\scripts\highlight.min.js -&gt; C:\Users\popa4\OneDrive\Dokumenty\GitHub\Statnice-ULTIMATE\Voliteln&#253;\OONV-1\OONV-1-1-Spr&#225;vce-Kontaktů\Sandcastle\Help\Working\Output\Website\scripts\highlight.min.js
C:\Program Files (x86)\EWSoftware\Sandcastle Help File Builder\Components\Default2022\scripts\jquery-3.5.1.min.js -&gt; C:\Users\popa4\OneDrive\Dokumenty\GitHub\Statnice-ULTIMATE\Voliteln&#253;\OONV-1\OONV-1-1-Spr&#225;vce-Kontaktů\Sandcastle\Help\Working\Output\Website\scripts\jquery-3.5.1.min.js
C:\Program Files (x86)\EWSoftware\Sandcastle Help File Builder\Components\Default2022\scripts\presentationStyle.js -&gt; C:\Users\popa4\OneDrive\Dokumenty\GitHub\Statnice-ULTIMATE\Voliteln&#253;\OONV-1\OONV-1-1-Spr&#225;vce-Kontaktů\Sandcastle\Help\Working\Output\Website\scripts\presentationStyle.js
C:\Program Files (x86)\EWSoftware\Sandcastle Help File Builder\Components\Default2022\webfonts\fa-brands-400.ttf -&gt; C:\Users\popa4\OneDrive\Dokumenty\GitHub\Statnice-ULTIMATE\Voliteln&#253;\OONV-1\OONV-1-1-Spr&#225;vce-Kontaktů\Sandcastle\Help\Working\Output\Website\webfonts\fa-brands-400.ttf
C:\Program Files (x86)\EWSoftware\Sandcastle Help File Builder\Components\Default2022\webfonts\fa-brands-400.woff2 -&gt; C:\Users\popa4\OneDrive\Dokumenty\GitHub\Statnice-ULTIMATE\Voliteln&#253;\OONV-1\OONV-1-1-Spr&#225;vce-Kontaktů\Sandcastle\Help\Working\Output\Website\webfonts\fa-brands-400.woff2
C:\Program Files (x86)\EWSoftware\Sandcastle Help File Builder\Components\Default2022\webfonts\fa-regular-400.ttf -&gt; C:\Users\popa4\OneDrive\Dokumenty\GitHub\Statnice-ULTIMATE\Voliteln&#253;\OONV-1\OONV-1-1-Spr&#225;vce-Kontaktů\Sandcastle\Help\Working\Output\Website\webfonts\fa-regular-400.ttf
C:\Program Files (x86)\EWSoftware\Sandcastle Help File Builder\Components\Default2022\webfonts\fa-regular-400.woff2 -&gt; C:\Users\popa4\OneDrive\Dokumenty\GitHub\Statnice-ULTIMATE\Voliteln&#253;\OONV-1\OONV-1-1-Spr&#225;vce-Kontaktů\Sandcastle\Help\Working\Output\Website\webfonts\fa-regular-400.woff2
C:\Program Files (x86)\EWSoftware\Sandcastle Help File Builder\Components\Default2022\webfonts\fa-solid-900.ttf -&gt; C:\Users\popa4\OneDrive\Dokumenty\GitHub\Statnice-ULTIMATE\Voliteln&#253;\OONV-1\OONV-1-1-Spr&#225;vce-Kontaktů\Sandcastle\Help\Working\Output\Website\webfonts\fa-solid-900.ttf
C:\Program Files (x86)\EWSoftware\Sandcastle Help File Builder\Components\Default2022\webfonts\fa-solid-900.woff2 -&gt; C:\Users\popa4\OneDrive\Dokumenty\GitHub\Statnice-ULTIMATE\Voliteln&#253;\OONV-1\OONV-1-1-Spr&#225;vce-Kontaktů\Sandcastle\Help\Working\Output\Website\webfonts\fa-solid-900.woff2
C:\Program Files (x86)\EWSoftware\Sandcastle Help File Builder\Components\Default2022\webfonts\fa-v4compatibility.ttf -&gt; C:\Users\popa4\OneDrive\Dokumenty\GitHub\Statnice-ULTIMATE\Voliteln&#253;\OONV-1\OONV-1-1-Spr&#225;vce-Kontaktů\Sandcastle\Help\Working\Output\Website\webfonts\fa-v4compatibility.ttf
C:\Program Files (x86)\EWSoftware\Sandcastle Help File Builder\Components\Default2022\webfonts\fa-v4compatibility.woff2 -&gt; C:\Users\popa4\OneDrive\Dokumenty\GitHub\Statnice-ULTIMATE\Voliteln&#253;\OONV-1\OONV-1-1-Spr&#225;vce-Kontaktů\Sandcastle\Help\Working\Output\Website\webfonts\fa-v4compatibility.woff2
C:\Program Files (x86)\EWSoftware\Sandcastle Help File Builder\Components\Default2022\RootWebsiteContent\GeneralError.html -&gt; C:\Users\popa4\OneDrive\Dokumenty\GitHub\Statnice-ULTIMATE\Voliteln&#253;\OONV-1\OONV-1-1-Spr&#225;vce-Kontaktů\Sandcastle\Help\Working\Output\Website\GeneralError.html
C:\Program Files (x86)\EWSoftware\Sandcastle Help File Builder\Components\Default2022\RootWebsiteContent\index.html -&gt; C:\Users\popa4\OneDrive\Dokumenty\GitHub\Statnice-ULTIMATE\Voliteln&#253;\OONV-1\OONV-1-1-Spr&#225;vce-Kontaktů\Sandcastle\Help\Working\Output\Website\index.html
C:\Program Files (x86)\EWSoftware\Sandcastle Help File Builder\Components\Default2022\RootWebsiteContent\PageNotFound.html -&gt; C:\Users\popa4\OneDrive\Dokumenty\GitHub\Statnice-ULTIMATE\Voliteln&#253;\OONV-1\OONV-1-1-Spr&#225;vce-Kontaktů\Sandcastle\Help\Working\Output\Website\PageNotFound.html
C:\Program Files (x86)\EWSoftware\Sandcastle Help File Builder\Components\Default2022\RootWebsiteContent\search.html -&gt; C:\Users\popa4\OneDrive\Dokumenty\GitHub\Statnice-ULTIMATE\Voliteln&#253;\OONV-1\OONV-1-1-Spr&#225;vce-Kontaktů\Sandcastle\Help\Working\Output\Website\search.html
C:\Program Files (x86)\EWSoftware\Sandcastle Help File Builder\Components\Default2022\RootWebsiteContent\SearchHelp.aspx -&gt; C:\Users\popa4\OneDrive\Dokumenty\GitHub\Statnice-ULTIMATE\Voliteln&#253;\OONV-1\OONV-1-1-Spr&#225;vce-Kontaktů\Sandcastle\Help\Working\Output\Website\SearchHelp.aspx
C:\Program Files (x86)\EWSoftware\Sandcastle Help File Builder\Components\Default2022\RootWebsiteContent\SearchHelp.inc.php -&gt; C:\Users\popa4\OneDrive\Dokumenty\GitHub\Statnice-ULTIMATE\Voliteln&#253;\OONV-1\OONV-1-1-Spr&#225;vce-Kontaktů\Sandcastle\Help\Working\Output\Website\SearchHelp.inc.php
C:\Program Files (x86)\EWSoftware\Sandcastle Help File Builder\Components\Default2022\RootWebsiteContent\SearchHelp.php -&gt; C:\Users\popa4\OneDrive\Dokumenty\GitHub\Statnice-ULTIMATE\Voliteln&#253;\OONV-1\OONV-1-1-Spr&#225;vce-Kontaktů\Sandcastle\Help\Working\Output\Website\SearchHelp.php
C:\Program Files (x86)\EWSoftware\Sandcastle Help File Builder\Components\Default2022\RootWebsiteContent\Web.Config -&gt; C:\Users\popa4\OneDrive\Dokumenty\GitHub\Statnice-ULTIMATE\Voliteln&#253;\OONV-1\OONV-1-1-Spr&#225;vce-Kontaktů\Sandcastle\Help\Working\Output\Website\Web.Config
    Last step completed in 00:00:00,0350
</buildStep>
<buildStep step="GenerateFullTextIndex">
Generating full-text index for the website...

    Last step completed in 00:00:00,0630
</buildStep>
<buildStep step="CopyingWebsiteFiles">
Copying website files to output folder...

Copied 361 files for the website content
    Last step completed in 00:00:00,2740
</buildStep>
<buildStep step="CleanIntermediates">
Removing intermediate files...
    Last step completed in 00:00:00,0440
</buildStep>
<buildStep step="Completed">

Build completed successfully at 30.07.2025 15:47:08.  Total time: 00:00:02,9799

</buildStep>
</shfbBuild>
